../Core/Src/main.c:68:17:Boot_AppVectorsSane	24	static
../Core/Src/main.c:89:13:Boot_OnFrame	568	static
../Core/Src/main.c:109:13:Boot_BranchToReset	0	static,ignoring_inline_asm
../Core/Src/main.c:129:13:Boot_JumpToApp	32	static,ignoring_inline_asm
../Core/Src/main.c:171:5:main	48	static
../Core/Src/main.c:244:6:SystemClock_Config	88	static
../Core/Src/main.c:286:13:MX_USART2_UART_Init	8	static
../Core/Src/main.c:319:13:MX_GPIO_Init	56	static
../Core/Src/main.c:466:6:Error_Handler	4	static,ignoring_inline_asm
