../Core/Src/main.c:69:17:Boot_AppVectorsSane	24	static
../Core/Src/main.c:90:13:Boot_OnFrame	568	static
../Core/Src/main.c:110:13:Boot_BranchToReset	0	static,ignoring_inline_asm
../Core/Src/main.c:130:13:Boot_JumpToApp	32	static,ignoring_inline_asm
../Core/Src/main.c:172:5:main	48	static
../Core/Src/main.c:243:6:SystemClock_Config	88	static
../Core/Src/main.c:285:13:MX_USART2_UART_Init	8	static
../Core/Src/main.c:318:13:MX_GPIO_Init	56	static
../Core/Src/main.c:465:6:Error_Handler	4	static,ignoring_inline_asm
